[18/Sep/2026 17:11:00] "GET /api/tracks/ HTTP/1.1" 200 2
[18/Sep/2026 17:11:00] "GET /api/tracks/ HTTP/1.1" 200 2
[18/Sep/2026 17:11:00] "GET /api/tracks/ HTTP/1.1" 200 2
[18/Sep/2026 17:11:00] "GET /api/tracks/ HTTP/1.1" 200 2
[18/Sep/2026 17:11:00] "GET /api/tracks/ HTTP/1.1" 200 2
[18/Sep/2026 17:11:00] "GET /api/tracks/ HTTP/1.1" 200 2
[18/Sep/2026 17:11:00] "GET /api/tracks/ HTTP/1.1" 200 2
[18/Sep/2026 17:11:00] "GET /api/tracks/ HTTP/1.1" 200 2
[18/Sep/2026 17:11:02] "GET /api/playlists/ HTTP/1.1" 200 2
[18/Sep/2026 17:11:03] "GET /api/playlists/ HTTP/1.1" 200 2
[18/Sep/2026 17:11:10] "OPTIONS /api/playlists/ HTTP/1.1" 200 0
[18/Sep/2026 17:11:10] "POST /api/playlists/ HTTP/1.1" 201 155
[18/Sep/2026 17:11:10] "GET /api/playlists/ HTTP/1.1" 200 157
[18/Sep/2026 17:11:57] "POST /api/tracks/ HTTP/1.1" 201 351
[18/Sep/2026 17:11:57] "GET /api/tracks/ HTTP/1.1" 200 353
[18/Sep/2026 17:11:57] "GET /media/covers/doremi.jpg HTTP/1.1" 200 37988
Unauthorized: /api/tracks/1/like/
[18/Sep/2026 17:12:01] "POST /api/tracks/1/like/ HTTP/1.1" 401 58
Unauthorized: /api/tracks/1/like/
[18/Sep/2026 17:12:01] "POST /api/tracks/1/like/ HTTP/1.1" 401 58
Unauthorized: /api/tracks/1/like/
[18/Sep/2026 17:12:02] "POST /api/tracks/1/like/ HTTP/1.1" 401 58
Unauthorized: /api/tracks/1/like/
[18/Sep/2026 17:12:02] "POST /api/tracks/1/like/ HTTP/1.1" 401 58
Unauthorized: /api/tracks/1/like/
[18/Sep/2026 17:12:02] "POST /api/tracks/1/like/ HTTP/1.1" 401 58
Unauthorized: /api/tracks/1/like/
[18/Sep/2026 17:12:02] "POST /api/tracks/1/like/ HTTP/1.1" 401 58
Unauthorized: /api/tracks/1/like/
[18/Sep/2026 17:12:02] "POST /api/tracks/1/like/ HTTP/1.1" 401 58
Unauthorized: /api/tracks/1/like/
[18/Sep/2026 17:12:02] "POST /api/tracks/1/like/ HTTP/1.1" 401 58
Unauthorized: /api/tracks/1/like/
[18/Sep/2026 17:12:03] "POST /api/tracks/1/like/ HTTP/1.1" 401 58
Unauthorized: /api/tracks/1/like/
[18/Sep/2026 17:12:03] "POST /api/tracks/1/like/ HTTP/1.1" 401 58
Unauthorized: /api/tracks/1/like/
[18/Sep/2026 17:12:03] "POST /api/tracks/1/like/ HTTP/1.1" 401 58
Unauthorized: /api/tracks/1/like/
[18/Sep/2026 17:12:03] "POST /api/tracks/1/like/ HTTP/1.1" 401 58
[18/Sep/2026 17:54:31,610] - Broken pipe from ('127.0.0.1', 49566)
[18/Sep/2026 20:28:47] "OPTIONS /api/auth/token/ HTTP/1.1" 200 0
C:\Users\frika\OneDrive\Desktop\Soundcloud\backend\.venv\lib\site-packages\jwt\api_jwt.py:149: InsecureKeyLengthWarning: The HMAC key is 27 bytes long, which is below the minimum recommended length of 32 bytes for SHA256. See RFC 7518 Section 3.2.
  return self._jws.encode(
[18/Sep/2026 20:28:48] "POST /api/auth/token/ HTTP/1.1" 200 489
[18/Sep/2026 20:28:48] "GET /api/tracks/ HTTP/1.1" 200 353
[18/Sep/2026 20:28:48] "GET /api/tracks/ HTTP/1.1" 200 353
[18/Sep/2026 20:28:48] "GET /media/covers/doremi.jpg HTTP/1.1" 200 37988
Unauthorized: /api/tracks/1/like/
[18/Sep/2026 20:28:50] "POST /api/tracks/1/like/ HTTP/1.1" 401 58
[18/Sep/2026 20:29:03] "GET /api/playlists/ HTTP/1.1" 200 157
[18/Sep/2026 20:29:09] "OPTIONS /api/playlists/1/ HTTP/1.1" 200 0
[18/Sep/2026 20:29:09] "DELETE /api/playlists/1/ HTTP/1.1" 204 0
[18/Sep/2026 20:29:09] "GET /api/playlists/ HTTP/1.1" 200 2
[18/Sep/2026 20:29:14] "OPTIONS /api/playlists/ HTTP/1.1" 200 0
[18/Sep/2026 20:29:14] "POST /api/playlists/ HTTP/1.1" 201 153
[18/Sep/2026 20:29:14] "GET /api/playlists/ HTTP/1.1" 200 155
[18/Sep/2026 20:30:04] "POST /api/tracks/ HTTP/1.1" 201 380
[18/Sep/2026 20:30:04] "GET /api/tracks/ HTTP/1.1" 200 734
[18/Sep/2026 20:30:04] "GET /media/covers/rust.png HTTP/1.1" 200 198171
[18/Sep/2026 20:30:30] "POST /api/tracks/ HTTP/1.1" 201 364
[18/Sep/2026 20:30:30] "GET /api/tracks/ HTTP/1.1" 200 1099
[18/Sep/2026 20:30:30] "GET /media/covers/circa.png HTTP/1.1" 200 123524
[18/Sep/2026 20:30:49] "POST /api/tracks/ HTTP/1.1" 201 372
[18/Sep/2026 20:30:49] "GET /api/tracks/ HTTP/1.1" 200 1472
[18/Sep/2026 20:30:49] "GET /media/covers/circa_0Voe2nx.png HTTP/1.1" 200 123524
[18/Sep/2026 20:31:16] "POST /api/tracks/ HTTP/1.1" 201 377
[18/Sep/2026 20:31:16] "GET /api/tracks/ HTTP/1.1" 200 1850
[18/Sep/2026 20:31:16] "GET /media/covers/nevetpitch.png HTTP/1.1" 200 93568
[18/Sep/2026 20:31:38] "POST /api/tracks/ HTTP/1.1" 201 389
[18/Sep/2026 20:31:38] "GET /api/tracks/ HTTP/1.1" 200 2240
[18/Sep/2026 20:31:38] "GET /media/covers/nevetpitch_tmfoFHb.png HTTP/1.1" 200 93568
[18/Sep/2026 20:31:40] "GET /api/playlists/ HTTP/1.1" 200 155
[18/Sep/2026 20:36:00] "OPTIONS /api/tracks/ HTTP/1.1" 200 0
[18/Sep/2026 20:36:00] "OPTIONS /api/tracks/ HTTP/1.1" 200 0
C:\Users\frika\OneDrive\Desktop\Soundcloud\backend\.venv\lib\site-packages\jwt\api_jwt.py:370: InsecureKeyLengthWarning: The HMAC key is 27 bytes long, which is below the minimum recommended length of 32 bytes for SHA256. See RFC 7518 Section 3.2.
  decoded = self.decode_complete(
[18/Sep/2026 20:36:00] "GET /api/tracks/ HTTP/1.1" 200 2240
[18/Sep/2026 20:36:00] "GET /api/tracks/ HTTP/1.1" 200 2240
[18/Sep/2026 20:36:00] "GET /media/covers/nevetpitch_tmfoFHb.png HTTP/1.1" 304 0
[18/Sep/2026 20:36:00] "GET /media/covers/nevetpitch.png HTTP/1.1" 304 0
[18/Sep/2026 20:36:00] "GET /media/covers/circa_0Voe2nx.png HTTP/1.1" 304 0
[18/Sep/2026 20:36:00] "GET /media/covers/circa.png HTTP/1.1" 304 0
[18/Sep/2026 20:36:00] "GET /media/covers/rust.png HTTP/1.1" 304 0
[18/Sep/2026 20:36:01] "OPTIONS /api/tracks/6/like/ HTTP/1.1" 200 0
[18/Sep/2026 20:36:01] "POST /api/tracks/6/like/ HTTP/1.1" 200 389
Bad Request: /api/tracks/6/like/
[18/Sep/2026 20:36:02] "POST /api/tracks/6/like/ HTTP/1.1" 400 56
Bad Request: /api/tracks/6/like/
[18/Sep/2026 20:36:02] "POST /api/tracks/6/like/ HTTP/1.1" 400 56
Bad Request: /api/tracks/6/like/
[18/Sep/2026 20:36:03] "POST /api/tracks/6/like/ HTTP/1.1" 400 56
Bad Request: /api/tracks/6/like/
[18/Sep/2026 20:36:03] "POST /api/tracks/6/like/ HTTP/1.1" 400 56
Bad Request: /api/tracks/6/like/
[18/Sep/2026 20:36:03] "POST /api/tracks/6/like/ HTTP/1.1" 400 56
Bad Request: /api/tracks/6/like/
[18/Sep/2026 20:36:04] "POST /api/tracks/6/like/ HTTP/1.1" 400 56
Bad Request: /api/tracks/6/like/
[18/Sep/2026 20:36:04] "POST /api/tracks/6/like/ HTTP/1.1" 400 56
Bad Request: /api/tracks/6/like/
[18/Sep/2026 20:36:05] "POST /api/tracks/6/like/ HTTP/1.1" 400 56
Bad Request: /api/tracks/6/like/
[18/Sep/2026 20:36:05] "POST /api/tracks/6/like/ HTTP/1.1" 400 56
[18/Sep/2026 20:36:30] "GET /media/tracks/Nervepitch_-_Stiches_mp3.pm.mp3 HTTP/1.1" 200 5385448
[18/Sep/2026 20:36:33] "GET /media/tracks/Circa_40_-_Pizza_mp3.pm.mp3 HTTP/1.1" 200 2935371
[18/Sep/2026 20:37:19,020] - Broken pipe from ('127.0.0.1', 59093)
[18/Sep/2026 20:37:19] "GET /api/tracks/ HTTP/1.1" 200 2240
[18/Sep/2026 20:37:19] "GET /api/tracks/ HTTP/1.1" 200 2240
[18/Sep/2026 20:37:19] "GET /media/covers/rust.png HTTP/1.1" 304 0
[18/Sep/2026 20:37:19] "GET /media/covers/nevetpitch.png HTTP/1.1" 304 0
[18/Sep/2026 20:37:19] "GET /media/covers/nevetpitch_tmfoFHb.png HTTP/1.1" 304 0
[18/Sep/2026 20:37:19] "GET /media/covers/circa.png HTTP/1.1" 304 0
[18/Sep/2026 20:37:19] "GET /media/covers/circa_0Voe2nx.png HTTP/1.1" 304 0
Bad Request: /api/tracks/6/like/
[18/Sep/2026 20:37:20] "POST /api/tracks/6/like/ HTTP/1.1" 400 56
Bad Request: /api/tracks/6/like/
[18/Sep/2026 20:37:21] "POST /api/tracks/6/like/ HTTP/1.1" 400 56
Bad Request: /api/tracks/6/like/
[18/Sep/2026 20:37:21] "POST /api/tracks/6/like/ HTTP/1.1" 400 56
[18/Sep/2026 20:37:22] "OPTIONS /api/tracks/5/like/ HTTP/1.1" 200 0
[18/Sep/2026 20:37:22] "POST /api/tracks/5/like/ HTTP/1.1" 200 377
Bad Request: /api/tracks/5/like/
[18/Sep/2026 20:37:22] "POST /api/tracks/5/like/ HTTP/1.1" 400 56
Bad Request: /api/tracks/5/like/
[18/Sep/2026 20:37:23] "POST /api/tracks/5/like/ HTTP/1.1" 400 56
Bad Request: /api/tracks/5/like/
[18/Sep/2026 20:37:23] "POST /api/tracks/5/like/ HTTP/1.1" 400 56
Bad Request: /api/tracks/5/like/
[18/Sep/2026 20:37:23] "POST /api/tracks/5/like/ HTTP/1.1" 400 56
Bad Request: /api/tracks/5/like/
[18/Sep/2026 20:37:23] "POST /api/tracks/5/like/ HTTP/1.1" 400 56
Bad Request: /api/tracks/5/like/
[18/Sep/2026 20:37:23] "POST /api/tracks/5/like/ HTTP/1.1" 400 56
[18/Sep/2026 20:37:24] "GET /api/tracks/ HTTP/1.1" 200 2240
[18/Sep/2026 20:37:24] "GET /api/tracks/ HTTP/1.1" 200 2240
[18/Sep/2026 20:37:25] "GET /api/tracks/ HTTP/1.1" 200 2240
[18/Sep/2026 20:37:25] "GET /api/tracks/ HTTP/1.1" 200 2240
[18/Sep/2026 20:37:25] "GET /api/tracks/ HTTP/1.1" 200 2240
[18/Sep/2026 20:37:25] "GET /api/tracks/ HTTP/1.1" 200 2240
[18/Sep/2026 20:37:25] "GET /api/tracks/ HTTP/1.1" 200 2240
[18/Sep/2026 20:37:25] "GET /api/tracks/ HTTP/1.1" 200 2240
[18/Sep/2026 20:37:25] "GET /api/tracks/ HTTP/1.1" 200 2240
[18/Sep/2026 20:37:25] "GET /api/tracks/ HTTP/1.1" 200 2240
[18/Sep/2026 20:37:25] "GET /api/tracks/ HTTP/1.1" 200 2240
[18/Sep/2026 20:37:25] "GET /api/tracks/ HTTP/1.1" 200 2240
[18/Sep/2026 20:37:26] "GET /api/tracks/ HTTP/1.1" 200 2240
[18/Sep/2026 20:37:26] "GET /api/tracks/ HTTP/1.1" 200 2240
[18/Sep/2026 20:37:26] "GET /api/tracks/ HTTP/1.1" 200 2240
[18/Sep/2026 20:37:26] "GET /api/tracks/ HTTP/1.1" 200 2240
[18/Sep/2026 20:37:27] "OPTIONS /api/tracks/4/like/ HTTP/1.1" 200 0
[18/Sep/2026 20:37:27] "POST /api/tracks/4/like/ HTTP/1.1" 200 372
Bad Request: /api/tracks/4/like/
[18/Sep/2026 20:37:27] "POST /api/tracks/4/like/ HTTP/1.1" 400 56
Bad Request: /api/tracks/4/like/
[18/Sep/2026 20:37:27] "POST /api/tracks/4/like/ HTTP/1.1" 400 56
Bad Request: /api/tracks/4/like/
[18/Sep/2026 20:37:27] "POST /api/tracks/4/like/ HTTP/1.1" 400 56
Bad Request: /api/tracks/5/like/
[18/Sep/2026 20:37:27] "POST /api/tracks/5/like/ HTTP/1.1" 400 56
Bad Request: /api/tracks/5/like/
[18/Sep/2026 20:37:28] "POST /api/tracks/5/like/ HTTP/1.1" 400 56
Bad Request: /api/tracks/6/like/
[18/Sep/2026 20:37:28] "POST /api/tracks/6/like/ HTTP/1.1" 400 56
Bad Request: /api/tracks/6/like/
[18/Sep/2026 20:37:28] "POST /api/tracks/6/like/ HTTP/1.1" 400 56
Bad Request: /api/tracks/6/like/
[18/Sep/2026 20:37:28] "POST /api/tracks/6/like/ HTTP/1.1" 400 56
Bad Request: /api/tracks/6/like/
[18/Sep/2026 20:37:28] "POST /api/tracks/6/like/ HTTP/1.1" 400 56
Bad Request: /api/tracks/6/like/
[18/Sep/2026 20:37:29] "POST /api/tracks/6/like/ HTTP/1.1" 400 56
Bad Request: /api/tracks/6/like/
[18/Sep/2026 20:37:29] "POST /api/tracks/6/like/ HTTP/1.1" 400 56
Bad Request: /api/tracks/6/like/
[18/Sep/2026 20:37:29] "POST /api/tracks/6/like/ HTTP/1.1" 400 56
Bad Request: /api/tracks/6/like/
[18/Sep/2026 20:37:29] "POST /api/tracks/6/like/ HTTP/1.1" 400 56
Bad Request: /api/tracks/6/like/
[18/Sep/2026 20:37:29] "POST /api/tracks/6/like/ HTTP/1.1" 400 56
Bad Request: /api/tracks/5/like/
[18/Sep/2026 20:37:44] "POST /api/tracks/5/like/ HTTP/1.1" 400 56
Bad Request: /api/tracks/5/like/
[18/Sep/2026 20:37:45] "POST /api/tracks/5/like/ HTTP/1.1" 400 56
Bad Request: /api/tracks/5/like/
[18/Sep/2026 20:37:46] "POST /api/tracks/5/like/ HTTP/1.1" 400 56
Bad Request: /api/tracks/5/like/
[18/Sep/2026 20:37:46] "POST /api/tracks/5/like/ HTTP/1.1" 400 56
Bad Request: /api/tracks/5/like/
[18/Sep/2026 20:37:46] "POST /api/tracks/5/like/ HTTP/1.1" 400 56
